{
  "phase": "4M",
  "kind": "stop",
  "model": "amr_robot",
  "command": {
    "linear_x": 0.2,
    "angular_z": 0.0
  },
  "sample_hz_requested": 50.0,
  "sample_count": 553,
  "simulation_duration_s": 11.027999999999999,
  "ground_truth_source": "gz topic --json-output /world/amr_world/dynamic_pose/info",
  "ground_pose_age_max_s": 0.0,
  "event_markers": {
    "T0": 6.853,
    "T1": 7.22,
    "T2": 11.904,
    "T3": 12.28,
    "T4": 12.263,
    "T5": 16.872
  },
  "stop_distances": {
    "D1_m": 0.033763540802243086,
    "D2_m": 1.750078037798808e-05,
    "D3_m": 1.750078037798808e-05,
    "D_total_m": 0.03379854236299906
  },
  "contact_topics_ready": null
}
