{
  "phase": "4M",
  "kind": "stop",
  "model": "amr_robot",
  "command": {
    "linear_x": -0.2,
    "angular_z": 0.0
  },
  "sample_hz_requested": 50.0,
  "sample_count": 503,
  "simulation_duration_s": 10.0,
  "ground_truth_source": "gz topic --json-output /world/amr_world/dynamic_pose/info",
  "ground_pose_age_max_s": 0.019000000000000128,
  "event_markers": {
    "T0": 7.468,
    "T1": 7.847,
    "T2": 11.468,
    "T3": 11.867,
    "T4": 11.867,
    "T5": 16.467
  },
  "stop_distances": {
    "D1_m": 0.04186704325011115,
    "D2_m": 0.0,
    "D3_m": 3.2501114826000155e-05,
    "D_total_m": 0.04189954436493715
  },
  "contact_topics_ready": null
}
