{
  "phase": "4M",
  "kind": "turn",
  "model": "amr_robot",
  "command": {
    "linear_x": 0.0,
    "angular_z": 0.4
  },
  "sample_hz_requested": 50.0,
  "sample_count": 503,
  "simulation_duration_s": 10.006,
  "ground_truth_source": "gz topic --json-output /world/amr_world/dynamic_pose/info",
  "ground_pose_age_max_s": 0.0,
  "event_markers": {
    "T0": 4.691,
    "T1": 5.059,
    "T2": 8.721,
    "T3": 9.104,
    "T4": 9.104,
    "T5": 13.707
  },
  "stop_distances": null,
  "contact_topics_ready": null
}
