{
  "phase": "4M",
  "kind": "stop",
  "model": "amr_robot",
  "command": {
    "linear_x": 0.2,
    "angular_z": 0.0
  },
  "sample_hz_requested": 50.0,
  "sample_count": 503,
  "simulation_duration_s": 10.0,
  "ground_truth_source": "gz topic --json-output /world/amr_world/dynamic_pose/info",
  "ground_pose_age_max_s": 0.09299999999999997,
  "event_markers": {
    "T0": 4.843,
    "T1": 5.222,
    "T2": 8.843,
    "T3": 9.242,
    "T4": 9.242,
    "T5": 13.842
  },
  "stop_distances": {
    "D1_m": 0.04009504403047903,
    "D2_m": 0.0,
    "D3_m": 4.500334447765653e-06,
    "D_total_m": 0.0400995443649268
  },
  "contact_topics_ready": null
}
