{
  "phase": "4M",
  "kind": "stop",
  "model": "amr_robot",
  "command": {
    "linear_x": 0.2,
    "angular_z": 0.0
  },
  "sample_hz_requested": 50.0,
  "sample_count": 553,
  "simulation_duration_s": 11.000999999999998,
  "ground_truth_source": "gz topic --json-output /world/amr_world/dynamic_pose/info",
  "ground_pose_age_max_s": 0.019000000000000128,
  "event_markers": {
    "T0": 8.192,
    "T1": 8.571,
    "T2": 13.192,
    "T3": 13.591,
    "T4": 13.951,
    "T5": 18.191
  },
  "stop_distances": {
    "D1_m": 0.0610284074582369,
    "D2_m": 0.010370319401313166,
    "D3_m": 0.0011199114801699883,
    "D_total_m": 0.07251863833972005
  },
  "contact_topics_ready": null
}
