{
  "phase": "4M",
  "kind": "stop",
  "model": "amr_robot",
  "command": {
    "linear_x": -0.2,
    "angular_z": 0.0
  },
  "sample_hz_requested": 50.0,
  "sample_count": 553,
  "simulation_duration_s": 11.0,
  "ground_truth_source": "gz topic --json-output /world/amr_world/dynamic_pose/info",
  "ground_pose_age_max_s": 0.019000000000000128,
  "event_markers": {
    "T0": 7.823,
    "T1": 8.202,
    "T2": 12.823,
    "T3": 13.242,
    "T4": 14.942,
    "T5": 17.822
  },
  "stop_distances": {
    "D1_m": 0.07258155985726567,
    "D2_m": 0.07275258185394051,
    "D3_m": 0.0032015706055062987,
    "D_total_m": 0.14853571231671248
  },
  "contact_topics_ready": null
}
