{
  "phase": "4M",
  "kind": "stop",
  "model": "amr_robot",
  "command": {
    "linear_x": 0.2,
    "angular_z": 0.0
  },
  "sample_hz_requested": 50.0,
  "sample_count": 553,
  "simulation_duration_s": 10.999000000000002,
  "ground_truth_source": "gz topic --json-output /world/amr_world/dynamic_pose/info",
  "ground_pose_age_max_s": 0.09700000000000042,
  "event_markers": {
    "T0": 6.825,
    "T1": 7.204,
    "T2": 11.825,
    "T3": 12.244,
    "T4": 13.964,
    "T5": 16.824
  },
  "stop_distances": {
    "D1_m": 0.07649859305024509,
    "D2_m": 0.07176933142304986,
    "D3_m": 0.003066370614717817,
    "D_total_m": 0.15133429508801277
  },
  "contact_topics_ready": null
}
