{
  "phase": "4M",
  "kind": "stop",
  "model": "amr_robot",
  "command": {
    "linear_x": 0.2,
    "angular_z": 0.0
  },
  "sample_hz_requested": 50.0,
  "sample_count": 553,
  "simulation_duration_s": 10.999999999999998,
  "ground_truth_source": "gz topic --json-output /world/amr_world/dynamic_pose/info",
  "ground_pose_age_max_s": 0.09999999999999964,
  "event_markers": {
    "T0": 6.84,
    "T1": 7.219,
    "T2": 11.84,
    "T3": 12.239,
    "T4": 12.579,
    "T5": 16.839
  },
  "stop_distances": {
    "D1_m": 0.06127898823510791,
    "D2_m": 0.010356790095024881,
    "D3_m": 0.0012828600095857734,
    "D_total_m": 0.07291863833971857
  },
  "contact_topics_ready": null
}
