{
  "phase": "4M",
  "kind": "stop",
  "model": "amr_robot",
  "command": {
    "linear_x": 0.2,
    "angular_z": 0.0
  },
  "sample_hz_requested": 50.0,
  "sample_count": 553,
  "simulation_duration_s": 11.0,
  "ground_truth_source": "gz topic --json-output /world/amr_world/dynamic_pose/info",
  "ground_pose_age_max_s": 0.11000000000000032,
  "event_markers": {
    "T0": 6.663,
    "T1": 7.042,
    "T2": 11.663,
    "T3": 12.062,
    "T4": 12.082,
    "T5": 16.662
  },
  "stop_distances": {
    "D1_m": 0.04229954436492478,
    "D2_m": 0.0,
    "D3_m": 0.0,
    "D_total_m": 0.04229954436492478
  },
  "contact_topics_ready": null
}
