{
  "phase": "4M",
  "kind": "turn",
  "model": "amr_robot",
  "command": {
    "linear_x": 0.0,
    "angular_z": -0.4
  },
  "sample_hz_requested": 50.0,
  "sample_count": 553,
  "simulation_duration_s": 10.999000000000002,
  "ground_truth_source": "gz topic --json-output /world/amr_world/dynamic_pose/info",
  "ground_pose_age_max_s": 0.09999999999999964,
  "event_markers": {
    "T0": 6.862,
    "T1": 7.242,
    "T2": 11.863,
    "T3": 12.262,
    "T4": 12.282,
    "T5": 16.862000000000002
  },
  "stop_distances": null,
  "contact_topics_ready": null
}
