{
  "phase": "4M",
  "kind": "stop",
  "model": "amr_robot",
  "command": {
    "linear_x": 0.2,
    "angular_z": 0.0
  },
  "sample_hz_requested": 50.0,
  "sample_count": 553,
  "simulation_duration_s": 11.0,
  "ground_truth_source": "gz topic --json-output /world/amr_world/dynamic_pose/info",
  "ground_pose_age_max_s": 0.022999999999999687,
  "event_markers": {
    "T0": 7.714,
    "T1": 8.093,
    "T2": 12.714,
    "T3": 13.113,
    "T4": 14.013,
    "T5": 17.713
  },
  "stop_distances": {
    "D1_m": 0.0694510735385594,
    "D2_m": 0.03338064184261491,
    "D3_m": 0.0019058775674721806,
    "D_total_m": 0.10473759294864649
  },
  "contact_topics_ready": null
}
