{
  "phase": "4M",
  "kind": "turn",
  "model": "amr_robot",
  "command": {
    "linear_x": 0.0,
    "angular_z": -0.4
  },
  "sample_hz_requested": 50.0,
  "sample_count": 503,
  "simulation_duration_s": 10.0,
  "ground_truth_source": "gz topic --json-output /world/amr_world/dynamic_pose/info",
  "ground_pose_age_max_s": 0.08800000000000008,
  "event_markers": {
    "T0": 5.013,
    "T1": 5.392,
    "T2": 9.013,
    "T3": 9.412,
    "T4": 9.432,
    "T5": 14.012
  },
  "stop_distances": null,
  "contact_topics_ready": null
}
