[INFO] [launch]: All log files can be found below /root/.ros/log/2026-09-19-17-09-28-824308-gspe-248
[INFO] [launch]: Default logging verbosity is set to INFO
[INFO] [gazebo-1]: process started with pid [288]
[INFO] [parameter_bridge-2]: process started with pid [289]
[INFO] [robot_state_publisher-3]: process started with pid [291]
[robot_state_publisher-3] [INFO] [1789837769.687506953] [robot_state_publisher]: Robot initialized
[parameter_bridge-2] [INFO] [1789837770.720966925] [phase4_bridge]: Creating GZ->ROS Bridge: [/clock (gz.msgs.Clock) -> /clock (rosgraph_msgs/msg/Clock)] (Lazy 0)
[parameter_bridge-2] [INFO] [1789837770.724989683] [phase4_bridge]: Creating ROS->GZ Bridge: [/cmd_vel (geometry_msgs/msg/Twist) -> /model/amr_robot/cmd_vel (gz.msgs.Twist)] (Lazy 0)
[parameter_bridge-2] [INFO] [1789837770.732627628] [phase4_bridge]: Creating GZ->ROS Bridge: [/model/amr_robot/odometry (gz.msgs.Odometry) -> /odom (nav_msgs/msg/Odometry)] (Lazy 0)
[parameter_bridge-2] [INFO] [1789837770.740082194] [phase4_bridge]: Creating GZ->ROS Bridge: [/model/amr_robot/tf (gz.msgs.Pose_V) -> /tf (tf2_msgs/msg/TFMessage)] (Lazy 0)
[parameter_bridge-2] [INFO] [1789837770.746161203] [phase4_bridge]: Creating GZ->ROS Bridge: [/model/amr_robot/scan (gz.msgs.LaserScan) -> /scan (sensor_msgs/msg/LaserScan)] (Lazy 0)
[parameter_bridge-2] [INFO] [1789837770.750902741] [phase4_bridge]: Creating GZ->ROS Bridge: [/model/amr_robot/imu (gz.msgs.IMU) -> /imu (sensor_msgs/msg/Imu)] (Lazy 0)
[parameter_bridge-2] [INFO] [1789837770.752590407] [phase4_bridge]: Creating GZ->ROS Bridge: [/model/amr_robot/camera/image_raw (gz.msgs.Image) -> /camera/image_raw (sensor_msgs/msg/Image)] (Lazy 0)
[parameter_bridge-2] [INFO] [1789837770.754245082] [phase4_bridge]: Creating GZ->ROS Bridge: [/model/amr_robot/camera/camera_info (gz.msgs.CameraInfo) -> /camera/camera_info (sensor_msgs/msg/CameraInfo)] (Lazy 0)
[INFO] [create-4]: process started with pid [344]
[create-4] [INFO] [1789837771.895310300] [ros_gz_sim]: Entity creation successful.
[gazebo-1] [1;33mWarning [Utils.cc:132][0m [/sdf/model[@name="amr_robot"]/link[@name="base_scan"]/sensor[@name="front_lidar"]/gz_frame_id:/tmp/phase4n-slip1-zero/amr_robot_harmonic_slip1_0.sdf:L258]: XML Element[gz_frame_id], child of element[sensor], not defined in SDF. Copying[gz_frame_id] as children of [sensor].
[gazebo-1] [1;33mWarning [Utils.cc:132][0m [/sdf/model[@name="amr_robot"]/link[@name="imu_link"]/sensor[@name="imu_sensor"]/gz_frame_id:/tmp/phase4n-slip1-zero/amr_robot_harmonic_slip1_0.sdf:L288]: XML Element[gz_frame_id], child of element[sensor], not defined in SDF. Copying[gz_frame_id] as children of [sensor].
[gazebo-1] [1;33mWarning [Utils.cc:132][0m [/sdf/model[@name="amr_robot"]/link[@name="camera_link"]/sensor[@name="front_rgb_camera"]/gz_frame_id:/tmp/phase4n-slip1-zero/amr_robot_harmonic_slip1_0.sdf:L305]: XML Element[gz_frame_id], child of element[sensor], not defined in SDF. Copying[gz_frame_id] as children of [sensor].
[INFO] [create-4]: process has finished cleanly [pid 344]
[parameter_bridge-2] [INFO] [1789837774.582354251] [phase4_bridge]: Passing message from ROS geometry_msgs/msg/Twist to Gazebo gz.msgs.Twist (showing msg only once per type)
