[INFO] [launch]: All log files can be found below /root/.ros/log/2026-09-19-17-12-01-990784-gspe-246
[INFO] [launch]: Default logging verbosity is set to INFO
[INFO] [gazebo-1]: process started with pid [284]
[INFO] [parameter_bridge-2]: process started with pid [285]
[INFO] [robot_state_publisher-3]: process started with pid [287]
[robot_state_publisher-3] [INFO] [1789837923.203389820] [robot_state_publisher]: Robot initialized
[parameter_bridge-2] [INFO] [1789837924.299852342] [phase4_bridge]: Creating GZ->ROS Bridge: [/clock (gz.msgs.Clock) -> /clock (rosgraph_msgs/msg/Clock)] (Lazy 0)
[parameter_bridge-2] [INFO] [1789837924.303829755] [phase4_bridge]: Creating ROS->GZ Bridge: [/cmd_vel (geometry_msgs/msg/Twist) -> /model/amr_robot/cmd_vel (gz.msgs.Twist)] (Lazy 0)
[parameter_bridge-2] [INFO] [1789837924.309973298] [phase4_bridge]: Creating GZ->ROS Bridge: [/model/amr_robot/odometry (gz.msgs.Odometry) -> /odom (nav_msgs/msg/Odometry)] (Lazy 0)
[parameter_bridge-2] [INFO] [1789837924.316566496] [phase4_bridge]: Creating GZ->ROS Bridge: [/model/amr_robot/tf (gz.msgs.Pose_V) -> /tf (tf2_msgs/msg/TFMessage)] (Lazy 0)
[parameter_bridge-2] [INFO] [1789837924.321936521] [phase4_bridge]: Creating GZ->ROS Bridge: [/model/amr_robot/scan (gz.msgs.LaserScan) -> /scan (sensor_msgs/msg/LaserScan)] (Lazy 0)
[parameter_bridge-2] [INFO] [1789837924.326429355] [phase4_bridge]: Creating GZ->ROS Bridge: [/model/amr_robot/imu (gz.msgs.IMU) -> /imu (sensor_msgs/msg/Imu)] (Lazy 0)
[parameter_bridge-2] [INFO] [1789837924.329421548] [phase4_bridge]: Creating GZ->ROS Bridge: [/model/amr_robot/camera/image_raw (gz.msgs.Image) -> /camera/image_raw (sensor_msgs/msg/Image)] (Lazy 0)
[parameter_bridge-2] [INFO] [1789837924.332639986] [phase4_bridge]: Creating GZ->ROS Bridge: [/model/amr_robot/camera/camera_info (gz.msgs.CameraInfo) -> /camera/camera_info (sensor_msgs/msg/CameraInfo)] (Lazy 0)
[INFO] [create-4]: process started with pid [340]
[create-4] [INFO] [1789837925.437469176] [ros_gz_sim]: Entity creation successful.
[INFO] [create-4]: process has finished cleanly [pid 340]
[gazebo-1] [1;33mWarning [Utils.cc:132][0m [/sdf/model[@name="amr_robot"]/link[@name="base_scan"]/sensor[@name="front_lidar"]/gz_frame_id:/tmp/phase4n-slip1-zero/amr_robot_harmonic_slip1_0.sdf:L258]: XML Element[gz_frame_id], child of element[sensor], not defined in SDF. Copying[gz_frame_id] as children of [sensor].
[gazebo-1] [1;33mWarning [Utils.cc:132][0m [/sdf/model[@name="amr_robot"]/link[@name="imu_link"]/sensor[@name="imu_sensor"]/gz_frame_id:/tmp/phase4n-slip1-zero/amr_robot_harmonic_slip1_0.sdf:L288]: XML Element[gz_frame_id], child of element[sensor], not defined in SDF. Copying[gz_frame_id] as children of [sensor].
[gazebo-1] [1;33mWarning [Utils.cc:132][0m [/sdf/model[@name="amr_robot"]/link[@name="camera_link"]/sensor[@name="front_rgb_camera"]/gz_frame_id:/tmp/phase4n-slip1-zero/amr_robot_harmonic_slip1_0.sdf:L305]: XML Element[gz_frame_id], child of element[sensor], not defined in SDF. Copying[gz_frame_id] as children of [sensor].
[parameter_bridge-2] [INFO] [1789837929.126111161] [phase4_bridge]: Passing message from ROS geometry_msgs/msg/Twist to Gazebo gz.msgs.Twist (showing msg only once per type)
