{
  "phase": "4M",
  "kind": "turn",
  "model": "amr_robot",
  "command": {
    "linear_x": 0.0,
    "angular_z": 0.4
  },
  "sample_hz_requested": 25.0,
  "sample_count": 252,
  "simulation_duration_s": 10.0,
  "ground_truth_source": "gz topic --json-output /world/amr_world/dynamic_pose/info",
  "ground_pose_age_max_s": 0.019999999999999574,
  "event_markers": {
    "T0": 7.12,
    "T1": 7.519,
    "T2": 11.12,
    "T3": 11.519,
    "T4": 11.559,
    "T5": 16.119
  },
  "stop_distances": null,
  "contact_topics_ready": {
    "wheel_left": true,
    "wheel_right": true,
    "caster_front": true,
    "caster_rear": true,
    "anti_tip_front_left": false,
    "anti_tip_front_right": false,
    "anti_tip_rear_left": false,
    "anti_tip_rear_right": false
  }
}
