[INFO] [launch]: All log files can be found below /root/.ros/log/2026-09-20-03-16-33-228770-gspe-1395
[INFO] [launch]: Default logging verbosity is set to INFO
[INFO] [gazebo-1]: process started with pid [1402]
[INFO] [parameter_bridge-2]: process started with pid [1403]
[INFO] [robot_state_publisher-3]: process started with pid [1404]
[robot_state_publisher-3] [INFO] [1789874193.713110621] [robot_state_publisher]: Robot initialized
[parameter_bridge-2] [INFO] [1789874194.737430853] [phase4_bridge]: Creating GZ->ROS Bridge: [/clock (gz.msgs.Clock) -> /clock (rosgraph_msgs/msg/Clock)] (Lazy 0)
[parameter_bridge-2] [INFO] [1789874194.738915341] [phase4_bridge]: Creating ROS->GZ Bridge: [/cmd_vel (geometry_msgs/msg/Twist) -> /model/amr_robot/cmd_vel (gz.msgs.Twist)] (Lazy 0)
[parameter_bridge-2] [INFO] [1789874194.740959326] [phase4_bridge]: Creating GZ->ROS Bridge: [/model/amr_robot/odometry (gz.msgs.Odometry) -> /odom (nav_msgs/msg/Odometry)] (Lazy 0)
[parameter_bridge-2] [INFO] [1789874194.742461034] [phase4_bridge]: Creating GZ->ROS Bridge: [/model/amr_robot/tf (gz.msgs.Pose_V) -> /tf (tf2_msgs/msg/TFMessage)] (Lazy 0)
[parameter_bridge-2] [INFO] [1789874194.744422667] [phase4_bridge]: Creating GZ->ROS Bridge: [/model/amr_robot/scan (gz.msgs.LaserScan) -> /scan (sensor_msgs/msg/LaserScan)] (Lazy 0)
[parameter_bridge-2] [INFO] [1789874194.746661181] [phase4_bridge]: Creating GZ->ROS Bridge: [/model/amr_robot/imu (gz.msgs.IMU) -> /imu (sensor_msgs/msg/Imu)] (Lazy 0)
[parameter_bridge-2] [INFO] [1789874194.747519327] [phase4_bridge]: Creating GZ->ROS Bridge: [/model/amr_robot/camera/image_raw (gz.msgs.Image) -> /camera/image_raw (sensor_msgs/msg/Image)] (Lazy 0)
[parameter_bridge-2] [INFO] [1789874194.748052529] [phase4_bridge]: Creating GZ->ROS Bridge: [/model/amr_robot/camera/camera_info (gz.msgs.CameraInfo) -> /camera/camera_info (sensor_msgs/msg/CameraInfo)] (Lazy 0)
[INFO] [create-4]: process started with pid [1449]
[create-4] [INFO] [1789874195.930566576] [ros_gz_sim]: Entity creation successful.
[gazebo-1] [1;33mWarning [Utils.cc:132][0m [/sdf/model[@name="amr_robot"]/link[@name="base_scan"]/sensor[@name="front_lidar"]/gz_frame_id:/tmp/phase4p_ws/install/amr_simulation/share/amr_simulation/models/amr_robot_harmonic/model.sdf:L1071]: XML Element[gz_frame_id], child of element[sensor], not defined in SDF. Copying[gz_frame_id] as children of [sensor].
[gazebo-1] [1;33mWarning [Utils.cc:132][0m [/sdf/model[@name="amr_robot"]/link[@name="imu_link"]/sensor[@name="imu_sensor"]/gz_frame_id:/tmp/phase4p_ws/install/amr_simulation/share/amr_simulation/models/amr_robot_harmonic/model.sdf:L1121]: XML Element[gz_frame_id], child of element[sensor], not defined in SDF. Copying[gz_frame_id] as children of [sensor].
[gazebo-1] [1;33mWarning [Utils.cc:132][0m [/sdf/model[@name="amr_robot"]/link[@name="camera_link"]/sensor[@name="front_rgb_camera"]/gz_frame_id:/tmp/phase4p_ws/install/amr_simulation/share/amr_simulation/models/amr_robot_harmonic/model.sdf:L1177]: XML Element[gz_frame_id], child of element[sensor], not defined in SDF. Copying[gz_frame_id] as children of [sensor].
[gazebo-1] Authorization required, but no authorization protocol specified
[gazebo-1] 
[gazebo-1] Authorization required, but no authorization protocol specified
[gazebo-1] 
[INFO] [create-4]: process has finished cleanly [pid 1449]
[parameter_bridge-2] [INFO] [1789874203.474605322] [phase4_bridge]: Passing message from ROS geometry_msgs/msg/Twist to Gazebo gz.msgs.Twist (showing msg only once per type)
