{
  "phase": "4M",
  "kind": "turn",
  "model": "amr_robot",
  "command": {
    "linear_x": 0.0,
    "angular_z": -0.4
  },
  "sample_hz_requested": 50.0,
  "sample_count": 553,
  "simulation_duration_s": 11.0,
  "ground_truth_source": "gz topic --json-output /world/amr_world/dynamic_pose/info",
  "ground_pose_age_max_s": 0.10999999999999943,
  "event_markers": {
    "T0": 6.832,
    "T1": 7.211,
    "T2": 11.832,
    "T3": 12.231,
    "T4": 12.251,
    "T5": 16.831
  },
  "stop_distances": null,
  "contact_topics_ready": null
}
