{
  "phase": "4M",
  "kind": "stop",
  "model": "amr_robot",
  "command": {
    "linear_x": 0.2,
    "angular_z": 0.0
  },
  "sample_hz_requested": 50.0,
  "sample_count": 553,
  "simulation_duration_s": 11.0,
  "ground_truth_source": "gz topic --json-output /world/amr_world/dynamic_pose/info",
  "ground_pose_age_max_s": 0.09700000000000042,
  "event_markers": {
    "T0": 6.661,
    "T1": 7.04,
    "T2": 11.661,
    "T3": 12.06,
    "T4": 12.06,
    "T5": 16.66
  },
  "stop_distances": {
    "D1_m": 0.04287254336158497,
    "D2_m": 0.0,
    "D3_m": 2.7001003343407604e-05,
    "D_total_m": 0.04289954436492838
  },
  "contact_topics_ready": null
}
