{
  "phase": "4M",
  "kind": "stop",
  "model": "amr_robot",
  "command": {
    "linear_x": 0.2,
    "angular_z": 0.0
  },
  "sample_hz_requested": 50.0,
  "sample_count": 553,
  "simulation_duration_s": 11.0,
  "ground_truth_source": "gz topic --json-output /world/amr_world/dynamic_pose/info",
  "ground_pose_age_max_s": 0.10299999999999976,
  "event_markers": {
    "T0": 6.698,
    "T1": 7.078,
    "T2": 11.699,
    "T3": 12.098,
    "T4": 13.718,
    "T5": 16.698
  },
  "stop_distances": {
    "D1_m": 0.07115164575344368,
    "D2_m": 0.07457038658022186,
    "D3_m": 0.003813453038423731,
    "D_total_m": 0.14953548537208927
  },
  "contact_topics_ready": null
}
