{
  "phase": "4M",
  "kind": "turn",
  "model": "amr_robot",
  "command": {
    "linear_x": 0.0,
    "angular_z": 0.4
  },
  "sample_hz_requested": 50.0,
  "sample_count": 503,
  "simulation_duration_s": 10.0,
  "ground_truth_source": "gz topic --json-output /world/amr_world/dynamic_pose/info",
  "ground_pose_age_max_s": 0.018000000000000682,
  "event_markers": {
    "T0": 6.686,
    "T1": 7.065,
    "T2": 10.686,
    "T3": 11.085,
    "T4": 11.105,
    "T5": 15.685
  },
  "stop_distances": null,
  "contact_topics_ready": null
}
