{
  "phase": "4M",
  "kind": "turn",
  "model": "amr_robot",
  "command": {
    "linear_x": 0.0,
    "angular_z": 0.4
  },
  "sample_hz_requested": 50.0,
  "sample_count": 553,
  "simulation_duration_s": 10.984000000000002,
  "ground_truth_source": "gz topic --json-output /world/amr_world/dynamic_pose/info",
  "ground_pose_age_max_s": 0.022999999999999687,
  "event_markers": {
    "T0": 9.473,
    "T1": 9.852,
    "T2": 14.473,
    "T3": 14.872,
    "T4": 14.892,
    "T5": 19.472
  },
  "stop_distances": null,
  "contact_topics_ready": {
    "wheel_left": true,
    "wheel_right": true,
    "caster_front": true,
    "caster_rear": true,
    "anti_tip_front_left": false,
    "anti_tip_front_right": false,
    "anti_tip_rear_left": false,
    "anti_tip_rear_right": false
  }
}
