{
  "phase": "4M",
  "kind": "turn",
  "model": "amr_robot",
  "command": {
    "linear_x": 0.0,
    "angular_z": 0.4
  },
  "sample_hz_requested": 50.0,
  "sample_count": 553,
  "simulation_duration_s": 10.999999999999998,
  "ground_truth_source": "gz topic --json-output /world/amr_world/dynamic_pose/info",
  "ground_pose_age_max_s": 0.08999999999999986,
  "event_markers": {
    "T0": 6.706,
    "T1": 7.085,
    "T2": 11.706,
    "T3": 12.105,
    "T4": 12.125,
    "T5": 16.705
  },
  "stop_distances": null,
  "contact_topics_ready": null
}
