{
  "phase": "4M",
  "kind": "stop",
  "model": "amr_robot",
  "command": {
    "linear_x": -0.2,
    "angular_z": 0.0
  },
  "sample_hz_requested": 50.0,
  "sample_count": 553,
  "simulation_duration_s": 10.999,
  "ground_truth_source": "gz topic --json-output /world/amr_world/dynamic_pose/info",
  "ground_pose_age_max_s": 0.09799999999999986,
  "event_markers": {
    "T0": 6.85,
    "T1": 7.229,
    "T2": 11.85,
    "T3": 12.249,
    "T4": 13.889,
    "T5": 16.849
  },
  "stop_distances": {
    "D1_m": 0.07376093981829801,
    "D2_m": 0.07372735475444725,
    "D3_m": 0.0036469604584589144,
    "D_total_m": 0.15113525503120417
  },
  "contact_topics_ready": null
}
