{
  "phase": "4M",
  "kind": "stop",
  "model": "amr_robot",
  "command": {
    "linear_x": 0.2,
    "angular_z": 0.0
  },
  "sample_hz_requested": 50.0,
  "sample_count": 553,
  "simulation_duration_s": 11.0,
  "ground_truth_source": "gz topic --json-output /world/amr_world/dynamic_pose/info",
  "ground_pose_age_max_s": 0.10299999999999976,
  "event_markers": {
    "T0": 6.76,
    "T1": 7.139,
    "T2": 11.76,
    "T3": 12.159,
    "T4": 12.179,
    "T5": 16.759
  },
  "stop_distances": {
    "D1_m": 0.04163204269268406,
    "D2_m": 6.750167223901204e-05,
    "D3_m": 0.0,
    "D_total_m": 0.04169954436492307
  },
  "contact_topics_ready": null
}
