{
  "phase": "4M",
  "kind": "stop",
  "model": "amr_robot",
  "command": {
    "linear_x": -0.2,
    "angular_z": 0.0
  },
  "sample_hz_requested": 50.0,
  "sample_count": 553,
  "simulation_duration_s": 11.025000000000002,
  "ground_truth_source": "gz topic --json-output /world/amr_world/dynamic_pose/info",
  "ground_pose_age_max_s": 0.0,
  "event_markers": {
    "T0": 7.973,
    "T1": 8.348,
    "T2": 13.008,
    "T3": 13.377,
    "T4": 13.707,
    "T5": 17.984
  },
  "stop_distances": {
    "D1_m": 0.05380777394327374,
    "D2_m": 0.00980826680689073,
    "D3_m": 0.0013164859060408318,
    "D_total_m": 0.0649325266562053
  },
  "contact_topics_ready": null
}
