{
  "phase": "4M",
  "kind": "turn",
  "model": "amr_robot",
  "command": {
    "linear_x": 0.0,
    "angular_z": 0.4
  },
  "sample_hz_requested": 50.0,
  "sample_count": 553,
  "simulation_duration_s": 11.0,
  "ground_truth_source": "gz topic --json-output /world/amr_world/dynamic_pose/info",
  "ground_pose_age_max_s": 0.018000000000000682,
  "event_markers": {
    "T0": 8.088,
    "T1": 8.467,
    "T2": 13.088,
    "T3": 13.487,
    "T4": 13.507,
    "T5": 18.087
  },
  "stop_distances": null,
  "contact_topics_ready": null
}
