{
  "phase": "4M",
  "kind": "stop",
  "model": "amr_robot",
  "command": {
    "linear_x": 0.2,
    "angular_z": 0.0
  },
  "sample_hz_requested": 50.0,
  "sample_count": 553,
  "simulation_duration_s": 11.000000000000002,
  "ground_truth_source": "gz topic --json-output /world/amr_world/dynamic_pose/info",
  "ground_pose_age_max_s": 0.09799999999999986,
  "event_markers": {
    "T0": 7.235,
    "T1": 7.614,
    "T2": 12.235,
    "T3": 12.634,
    "T4": 13.494,
    "T5": 17.234
  },
  "stop_distances": {
    "D1_m": 0.06590665361871773,
    "D2_m": 0.03346838224229842,
    "D3_m": 0.002162557755797434,
    "D_total_m": 0.10153759361681358
  },
  "contact_topics_ready": null
}
