{
  "phase": "4M",
  "kind": "stop",
  "model": "amr_robot",
  "command": {
    "linear_x": 0.2,
    "angular_z": 0.0
  },
  "sample_hz_requested": 50.0,
  "sample_count": 503,
  "simulation_duration_s": 10.010000000000002,
  "ground_truth_source": "gz topic --json-output /world/amr_world/dynamic_pose/info",
  "ground_pose_age_max_s": 0.0,
  "event_markers": {
    "T0": 4.067,
    "T1": 4.448,
    "T2": 8.095,
    "T3": 8.495,
    "T4": 8.476,
    "T5": 13.076
  },
  "stop_distances": {
    "D1_m": 0.03695954269630741,
    "D2_m": 2.500222965218235e-06,
    "D3_m": 2.500222965218235e-06,
    "D_total_m": 0.03696454314223785
  },
  "contact_topics_ready": null
}
