{
  "phase": "4M",
  "kind": "stop",
  "model": "amr_robot",
  "command": {
    "linear_x": -0.2,
    "angular_z": 0.0
  },
  "sample_hz_requested": 50.0,
  "sample_count": 503,
  "simulation_duration_s": 10.001000000000001,
  "ground_truth_source": "gz topic --json-output /world/amr_world/dynamic_pose/info",
  "ground_pose_age_max_s": 0.018000000000000682,
  "event_markers": {
    "T0": 6.902,
    "T1": 7.282,
    "T2": 10.904,
    "T3": 11.303,
    "T4": 11.303,
    "T5": 15.903
  },
  "stop_distances": {
    "D1_m": 0.04187254336159407,
    "D2_m": 0.0,
    "D3_m": 2.7001003343407604e-05,
    "D_total_m": 0.04189954436493748
  },
  "contact_topics_ready": null
}
