{
  "phase": "4M",
  "kind": "stop",
  "model": "amr_robot",
  "command": {
    "linear_x": -0.2,
    "angular_z": 0.0
  },
  "sample_hz_requested": 50.0,
  "sample_count": 553,
  "simulation_duration_s": 10.999999999999998,
  "ground_truth_source": "gz topic --json-output /world/amr_world/dynamic_pose/info",
  "ground_pose_age_max_s": 0.11099999999999977,
  "event_markers": {
    "T0": 6.93,
    "T1": 7.309,
    "T2": 11.93,
    "T3": 12.329,
    "T4": 12.329,
    "T5": 16.929
  },
  "stop_distances": {
    "D1_m": 0.040289543807522255,
    "D2_m": 0.0,
    "D3_m": 1.0000557412959132e-05,
    "D_total_m": 0.040299544364935214
  },
  "contact_topics_ready": null
}
