{
  "phase": "4M",
  "kind": "stop",
  "model": "amr_robot",
  "command": {
    "linear_x": 0.2,
    "angular_z": 0.0
  },
  "sample_hz_requested": 50.0,
  "sample_count": 553,
  "simulation_duration_s": 11.0,
  "ground_truth_source": "gz topic --json-output /world/amr_world/dynamic_pose/info",
  "ground_pose_age_max_s": 0.018000000000000682,
  "event_markers": {
    "T0": 7.954,
    "T1": 8.333,
    "T2": 12.954,
    "T3": 13.353,
    "T4": 13.693,
    "T5": 17.953
  },
  "stop_distances": {
    "D1_m": 0.06152772750603852,
    "D2_m": 0.010540818112802164,
    "D3_m": 0.001250092720879059,
    "D_total_m": 0.07331863833971974
  },
  "contact_topics_ready": null
}
