{
  "phase": "4M",
  "kind": "stop",
  "model": "amr_robot",
  "command": {
    "linear_x": 0.2,
    "angular_z": 0.0
  },
  "sample_hz_requested": 50.0,
  "sample_count": 503,
  "simulation_duration_s": 10.0,
  "ground_truth_source": "gz topic --json-output /world/amr_world/dynamic_pose/info",
  "ground_pose_age_max_s": 0.019000000000000128,
  "event_markers": {
    "T0": 6.727,
    "T1": 7.106,
    "T2": 10.727,
    "T3": 11.126,
    "T4": 11.126,
    "T5": 15.726
  },
  "stop_distances": {
    "D1_m": 0.04088604369602933,
    "D2_m": 0.0,
    "D3_m": 1.3500668895605195e-05,
    "D_total_m": 0.040899544364924934
  },
  "contact_topics_ready": null
}
