{
  "phase": "4M",
  "kind": "turn",
  "model": "amr_robot",
  "command": {
    "linear_x": 0.0,
    "angular_z": -0.4
  },
  "sample_hz_requested": 50.0,
  "sample_count": 503,
  "simulation_duration_s": 10.008000000000001,
  "ground_truth_source": "gz topic --json-output /world/amr_world/dynamic_pose/info",
  "ground_pose_age_max_s": 0.0,
  "event_markers": {
    "T0": 4.793,
    "T1": 5.156,
    "T2": 8.822,
    "T3": 9.202,
    "T4": 9.202,
    "T5": 13.8
  },
  "stop_distances": null,
  "contact_topics_ready": null
}
