{
  "phase": "4M",
  "kind": "stop",
  "model": "amr_robot",
  "command": {
    "linear_x": 0.2,
    "angular_z": 0.0
  },
  "sample_hz_requested": 50.0,
  "sample_count": 553,
  "simulation_duration_s": 11.0,
  "ground_truth_source": "gz topic --json-output /world/amr_world/dynamic_pose/info",
  "ground_pose_age_max_s": 0.019999999999999574,
  "event_markers": {
    "T0": 7.969,
    "T1": 8.328,
    "T2": 12.969,
    "T3": 13.368,
    "T4": 15.008,
    "T5": 17.968
  },
  "stop_distances": {
    "D1_m": 0.07353227353196601,
    "D2_m": 0.0731289274214062,
    "D3_m": 0.00367419843786454,
    "D_total_m": 0.15033539939123675
  },
  "contact_topics_ready": null
}
