{
  "phase": "4M",
  "kind": "stop",
  "model": "amr_robot",
  "command": {
    "linear_x": 0.2,
    "angular_z": 0.0
  },
  "sample_hz_requested": 50.0,
  "sample_count": 503,
  "simulation_duration_s": 10.0,
  "ground_truth_source": "gz topic --json-output /world/amr_world/dynamic_pose/info",
  "ground_pose_age_max_s": 0.018000000000000682,
  "event_markers": {
    "T0": 5.08,
    "T1": 5.459,
    "T2": 9.08,
    "T3": 9.479,
    "T4": 9.819,
    "T5": 14.079
  },
  "stop_distances": {
    "D1_m": 0.06135392816046781,
    "D2_m": 0.010231082336720099,
    "D3_m": 0.0013336278399918022,
    "D_total_m": 0.07291863833717971
  },
  "contact_topics_ready": null
}
{
  "phase": "4M",
  "kind": "turn",
  "model": "amr_robot",
  "command": {
    "linear_x": 0.0,
    "angular_z": -0.4
  },
  "sample_hz_requested": 50.0,
  "sample_count": 503,
  "simulation_duration_s": 10.0,
  "ground_truth_source": "gz topic --json-output /world/amr_world/dynamic_pose/info",
  "ground_pose_age_max_s": 0.058999999999999275,
  "event_markers": {
    "T0": 16.638,
    "T1": 17.017,
    "T2": 20.638,
    "T3": 21.037,
    "T4": 21.057,
    "T5": 25.637
  },
  "stop_distances": null,
  "contact_topics_ready": null
}
