{
  "phase": "4M",
  "kind": "stop",
  "model": "amr_robot",
  "command": {
    "linear_x": -0.2,
    "angular_z": 0.0
  },
  "sample_hz_requested": 50.0,
  "sample_count": 553,
  "simulation_duration_s": 11.0,
  "ground_truth_source": "gz topic --json-output /world/amr_world/dynamic_pose/info",
  "ground_pose_age_max_s": 0.018000000000000682,
  "event_markers": {
    "T0": 7.876,
    "T1": 8.255,
    "T2": 12.876,
    "T3": 13.275,
    "T4": 13.275,
    "T5": 17.875
  },
  "stop_distances": {
    "D1_m": 0.04027254336159036,
    "D2_m": 0.0,
    "D3_m": 2.700100334318556e-05,
    "D_total_m": 0.04029954436493355
  },
  "contact_topics_ready": null
}
